0001   0000             C_PIO_A     =       71h
0002   0000             D_PIO_A     =       70h
0003   0000             C_PIO_B     =       73h
0004   0000             D_PIO_B     =       72h
0005   0000             
0006   8000             .org 8000h
0007   8000 31 00 80        ld      SP, $
0008   8003             
0009   8003                 ; --------------------- output mode PIO-B --------------
0010   8003 3E 0F           ld      A, 0Fh
0011   8005 D3 73           out     (C_PIO_B), A
0012   8007             
0013   8007 3E 0F           ld      A, 0Fh
0014   8009 D3 71           out     (C_PIO_A), A
0015   800B                 
0016   800B             ;;  --------------------------------------------------------
0017   800B             ;;      MAIN
0018   800B             ;;  --------------------------------------------------------
0019   800B                 
0020   800B             main:
0021   800B 3E FF           ld      A, $ff   
0022   800D D3 70           out     (D_PIO_A), A
0023   800F CD 1C 80        call    delay
0024   8012 3E 00           ld      A, $00
0025   8014 D3 70           out     (D_PIO_A), A
0026   8016 CD 1C 80        call    delay
0027   8019 C3 0B 80        JP      main
0028   801C             
0029   801C             ; ===================================================================
0030   801C             ; DELAY
0031   801C             ; ===================================================================
0032   801C             delay:
0033   801C C5          	push bc
0034   801D 06 01           ld b, 1
0035   801F             delay_loop_b:
0036   801F 0E 64       	ld c, 100
0037   8021             delay_loop:
0038   8021 0D          	dec c
0039   8022 C2 21 80        jp nz, delay_loop
0040   8025 05              dec b
0041   8026 C2 1F 80        jp nz, delay_loop_b
0042   8029 C1              pop bc
0043   802A C9              ret
0044   802B             
0045   802B             
0046   802B             .end 
tasm: Number of errors = 0
