0001   0000             C_PIO_A     =       71h
0002   0000             D_PIO_A     =       70h
0003   0000             C_PIO_B     =       73h
0004   0000             D_PIO_B     =       72h
0005   0000             
0006   8000             .org 8000h
0007   8000 31 00 80        ld      SP, $
0008   8003             
0009   8003                 ; --------------------- output mode PIO-B --------------
0010   8003 3E 0F           ld      A, 0Fh
0011   8005 D3 73           out     (C_PIO_B), A
0012   8007             
0013   8007 3E 0F           ld      A, 0Fh
0014   8009 D3 71           out     (C_PIO_A), A
0015   800B                 
0016   800B             ;;  --------------------------------------------------------
0017   800B             ;;      MAIN
0018   800B             ;;  --------------------------------------------------------
0019   800B 3E 01           ld      A, 1
0020   800D             main:
0021   800D 1F              RRA     
0022   800E D3 72           out     (D_PIO_B), A
0023   8010 D3 70           out     (D_PIO_A), A
0024   8012 CD 18 80        call    delay
0025   8015             
0026   8015 C3 0D 80        JP      main
0027   8018             
0028   8018             ;;  --------------------------------------------------------
0029   8018             ;;      DELAY
0030   8018             ;;  --------------------------------------------------------
0031   8018             delay:
0032   8018 C5          	push bc
0033   8019 06 FF           ld b, 255
0034   801B             delay_loop_b:
0035   801B 0E FF       	ld c, 255
0036   801D             delay_loop:
0037   801D 0D          	dec c
0038   801E C2 1D 80        jp nz, delay_loop
0039   8021 05              dec b
0040   8022 C2 1B 80        jp nz, delay_loop_b
0041   8025 C1              pop bc
0042   8026 C9              ret
0043   8027             
0044   8027             
0045   8027             .end 
tasm: Number of errors = 0
